akirakoike@AkiranoMac-mini git_challenge % vi hello_world.txt
akirakoike@AkiranoMac-mini git_challenge % git add hello_world.txt 
akirakoike@AkiranoMac-mini git_challenge % git commit -m "hello_world.txtを追加"
[main (root-commit) dcd8ac2] hello_world.txtを追加
 1 file changed, 1 insertion(+)
 create mode 100644 hello_world.txt
akirakoike@AkiranoMac-mini git_challenge % vi hello_world.txt     
akirakoike@AkiranoMac-mini git_challenge % git add hello_world.txt
akirakoike@AkiranoMac-mini git_challenge % git commit -m "日本語訳を追記"
[main c7473e7] 日本語訳を追記
 1 file changed, 1 insertion(+)
akirakoike@AkiranoMac-mini git_challenge % git log --oneline
c7473e7 (HEAD -> main) 日本語訳を追記
dcd8ac2 hello_world.txtを追加
